// Jest Snapshot v1, https://goo.gl/fbAQLP

exports[`Gauge Panel Migrations from 6.1.1 1`] = `
Object {
  "fieldOptions": Object {
    "calcs": Array [
      "last",
    ],
  },
  "orientation": "auto",
  "showThresholdLabels": true,
  "showThresholdMarkers": true,
}
`;
